// Jest Snapshot v1, https://goo.gl/fbAQLP

exports[`Continents page renders correctly 1`] = `
<div
  className="main-container"
>
  <div
    className="page-header"
  >
    <img
      alt="World"
      className="page-image"
      src="world.svg"
    />
    <div
      className="page-title"
    >
      <h2
        style={
          Object {
            "marginBottom": "0",
          }
        }
      >
        World
      </h2>
      0
    </div>
  </div>
  <div
    className="section-title"
  >
    <h4>
      Continent
    </h4>
  </div>
  <nav
    className="navbar navbar-expand navbar-light"
  >
    <div
      className="navbar navbar-nav"
      onKeyDown={[Function]}
    />
  </nav>
</div>
`;
